// Jest Snapshot v1, https://goo.gl/fbAQLP

exports[`<GridImage /> should match snapshot 1`] = `
.c3 {
  color: #0A1128;
  font-size: 6.4rem;
  text-transform: uppercase;
}

.c9 {
  display: none;
  position: fixed;
  z-index: 1;
  padding-top: 100px;
  left: 0;
  top: 0;
  width: 100%;
  height: 100%;
  overflow: auto;
  background-color: rgb(0,0,0);
  background-color: rgba(0,0,0,0.4);
}

.c10 {
  position: absolute;
  left: 50%;
  bottom: 50%;
  -webkit-transform: translateX(-50%) translateY(50%);
  -ms-transform: translateX(-50%) translateY(50%);
  transform: translateX(-50%) translateY(50%);
  background-color: #fefefe;
  margin: auto;
  padding: 20px;
  border: 1px solid #888;
  width: 80%;
}

.c11 {
  color: #aaaaaa;
  float: right;
  font-size: 28px;
  font-weight: bold;
}

.c11:hover,
.c11:focus {
  color: #000;
  -webkit-text-decoration: none;
  text-decoration: none;
  cursor: pointer;
}

.c12 {
  position: relative;
  left: 50%;
  -webkit-transform: translateX(-50%);
  -ms-transform: translateX(-50%);
  transform: translateX(-50%);
  background-size: cover;
  width: 60%;
  border-radius: 1rem;
}

.c1 {
  max-width: 120rem;
  margin: 0 auto;
  padding: 3.2rem;
  width: 100%;
}

.c0 {
  background: #FFFFFF;
  color: #0A1128;
  min-height: 100vh;
  display: -webkit-box;
  display: -webkit-flex;
  display: -ms-flexbox;
  display: flex;
  -webkit-align-items: center;
  -webkit-box-align: center;
  -ms-flex-align: center;
  align-items: center;
}

.c5 {
  font-size: 2.4rem;
}

.c2 > .c4 {
  margin-bottom: 6.4rem;
}

.c6 {
  counter-reset: grid-counter;
  display: grid;
  grid-template-columns: repeat(auto-fill,minmax(280px,1fr));
  gap: 3.2rem;
}

.c7 {
  overflow: hidden;
}

.c8 {
  background-size: cover;
  width: 100%;
  -webkit-transition: all 500ms ease-in-out;
  transition: all 500ms ease-in-out;
}

.c8:hover {
  -webkit-transform: scale(1.2) rotate(10deg);
  -ms-transform: scale(1.2) rotate(10deg);
  transform: scale(1.2) rotate(10deg);
}

@media (max-width:768px) {
  .c3 {
    font-size: 4rem;
  }
}

@media (max-width:768px) {
  .c10 {
    width: 100%;
  }
}

@media (max-width:768px) {
  .c6 {
    grid-template-columns: repeat(auto-fill,minmax(200px,1fr));
  }
}

<section
  class="c0"
  id=""
>
  <div
    class="c1"
  >
    <div
      class="c2"
    >
      <h1
        class="c3"
      >
        My grid
      </h1>
      <div
        class="c4 c5"
      >
        Atque doloribus nobis laudantium esse ut, non commodi maxime distinctio veritatis unde
      </div>
      <div
        class="c6"
      >
        <div
          class="c7"
        >
          <img
            alt="Teste 1"
            class="c8"
            src="https://source.unsplash.com/random/800x800?r=1"
          />
        </div>
        <div
          class="c7"
        >
          <img
            alt="Teste 2"
            class="c8"
            src="https://source.unsplash.com/random/800x800?r=2"
          />
        </div>
        <div
          class="c7"
        >
          <img
            alt="Teste 3"
            class="c8"
            src="https://source.unsplash.com/random/800x800?r=3"
          />
        </div>
        <div
          class="c7"
        >
          <img
            alt="Teste 4"
            class="c8"
            src="https://source.unsplash.com/random/800x800?r=4"
          />
        </div>
        <div
          class="c7"
        >
          <img
            alt="Teste 5"
            class="c8"
            src="https://source.unsplash.com/random/800x800?r=5"
          />
        </div>
        <div
          class="c7"
        >
          <img
            alt="Teste 6"
            class="c8"
            src="https://source.unsplash.com/random/800x800?r=6"
          />
        </div>
      </div>
      <div
        aria-label="modal"
        class="c9"
      >
        <div
          class="c10"
        >
          <span
            aria-label="modal-button-close"
            class="c11"
          >
            Ã—
          </span>
          <img
            aria-label="image-modal"
            class="c12"
          />
        </div>
      </div>
    </div>
  </div>
</section>
`;
